00606;00631;00667;00683;00698;00715;00720;00723;00735;00754;00765;00772;00775;00783;00784;00951;00985;01029;01033;01037;01083;01084;01256;01257;01258;01259;01264;01338;01355;01378;01379;01430;01523;01930;01970;02045;02110;02360;02542;02543;02553;02554;02641;02642;02648;02657;02713;02738;02807;02831;03032;03216;03251;03254;03259;03282;03575;03576;03579;03581;03582;03588;03592;03593;03597;03607;03746;03785;03813;03832;04003;04017;04019;04040;04050;04079;04086;04109;04110;04228;04285;04414;04415;04418;04441;04443;04454;04455;04459;04460;04462;04464;04476;04478;04492;04493;04497;04548;04551;04558;04570;04605;04611;04612;04616;04623;04627;04630;04634;04635;04637;04642;04643;04645;04646;04649;04653;04657;04671;04674;04677;04681;04683;04685;04686;04691;04732;04739;04741;04745;04750;04758;04760;04764;04765;04766;04768;04779;04780;04785;04851;04859;04912;04930;04945;04953;04961;04964;04985;05042;05046;05062;05065;05068;05083;05161;05201;05262;05358;05360;05361;05442;05456;05481;05488;05657;05675;05732;05734;05765;05820;05821;05837;05846;05847;05851;05858;05866;05871;05901;05902;05903;05905;05907;06282;06389;06413;06456;06472;06480;06770;07881;08008;08019;08023;08067;08085;08090;08107;08202;08203;08212;08215;08223;08240;08247;08316;08327;08328;08348;08349;08401;08403;08530;08611;08640;08731;08733;08738;08752;10024;10301;10464;10509;10537;10911;10925;10926;11430;11557;11693;11702;11780;11939;11956;11957;11965;12023;12052;12064;12067;12076;12108;12155;12160;12164;12190;12193;12197;12421;12430;12452;12471;12492;12503;12543;12725;12760;12769;12783;12823;12847;12856;12858;12870;12911;12922;12927;12936;12937;12955;12962;12969;12970;12973;12976;12977;12981;12985;12986;13026;13042;13064;13117;13147;13316;13320;13327;13331;13338;13343;13348;13436;13437;13441;13459;13468;13471;13488;13603;13613;13614;13626;13633;13634;13639;13655;13659;13660;13662;13669;13670;13672;13677;13679;13684;13687;13690;13691;13695;13739;13746;13788;13807;13810;13825;13826;13834;13842;13865;14039;14055;14062;14066;14091;14129;14134;14138;14478;14507;14516;14541;14555;14707;14709;14729;14732;14740;14743;14777;14819;14820;14822;14836;14861;14867;14879;14891;15038;15081;15087;15126;15310;15311;15316;15341;15417;15440;15460;15538;15540;15542;15544;15564;15618;15640;15686;15725;15731;15732;15739;15776;15783;15853;15856;15864;15958;15961;16036;16038;16134;16217;16218;16222;16236;16240;16244;16245;16249;16250;16258;16262;16313;16319;16341;16353;16405;16420;16434;16435;16444;16505;16601;16621;16622;16633;16652;16657;16683;16685;16694;16699;16750;16801;16820;16822;16829;16830;16836;16839;16843;16851;16852;16853;16871;16872;16874;16882;17028;17077;17261;17265;17317;17320;17361;17606;17739;17745;17748;17760;17764;17778;17841;17923;17953;18434;18640;18705;18810;18830;19153;19472;19549;19550;19559;19930;19931;19944;19966;19971;19979;20012;20024;20129;20184;20197;20307;20317;20319;20373;20565;20606;20608;20626;20630;20650;20657;20674;20678;20693;20762;21005;21221;21230;21240;21521;21536;21542;21543;21550;21555;21561;21607;21612;21613;21622;21624;21626;21634;21635;21636;21645;21652;21657;21659;21669;21676;21679;21711;21719;21727;21757;21762;21766;21778;21782;21798;21821;21824;21829;21840;21841;21842;21850;21865;21867;21869;21890;21901;21902;21916;21930;22134;22427;22433;22436;22437;22438;22448;22460;22473;22482;22503;22509;22511;22530;22535;22539;22546;22548;22578;22579;22580;22602;22637;22640;22645;22711;22714;22716;22718;22719;22722;22723;22726;22727;22728;22730;22731;22735;22736;22740;22741;22742;22743;22749;22801;22815;22820;22831;22832;22834;22902;22920;22922;22938;22943;22948;22964;22967;22972;22976;23004;23024;23027;23038;23047;23056;23063;23069;23085;23091;23093;23108;23110;23123;23128;23148;23156;23160;23177;23250;23302;23323;23336;23356;23359;23407;23409;23417;23423;23426;23427;23433;23440;23442;23454;23604;23664;23821;23829;23833;23834;23839;23840;23841;23844;23846;23847;23850;23857;23867;23874;23876;23881;23883;23887;23889;23891;23893;23894;23897;23899;23921;23923;23927;23934;23942;23952;23959;23962;23964;23967;23974;23976;24067;24084;24093;24102;24128;24131;24132;24134;24136;24137;24141;24147;24150;24167;24217;24220;24224;24225;24226;24237;24239;24250;24263;24266;24270;24272;24280;24282;24347;24351;24360;24363;24378;24413;24421;24426;24433;24435;24437;24439;24457;24460;24464;24476;24483;24485;24520;24521;24527;24528;24530;24531;24534;24536;24539;24553;24562;24566;24570;24581;24589;24590;24593;24594;24595;24597;24598;24599;24601;24602;24605;24606;24607;24609;24613;24620;24622;24646;24657;24716;24811;24816;24823;24830;24836;24844;24845;24846;24862;24872;24873;24879;24882;24888;24892;24894;24915;24927;24946;24974;24984;24991;25019;25022;25025;25030;25033;25040;25048;25083;25086;25110;25115;25132;25159;25162;25169;25173;25185;25186;25187;25193;25204;25205;25208;25244;25252;25275;25287;25501;25503;25511;25514;25521;25564;25567;25606;25607;25630;25632;25646;25650;25652;25666;25676;25699;25811;25812;25827;25853;25864;25880;25901;25902;25907;25915;25921;25928;25936;25942;25969;25979;25984;26055;26133;26141;26149;26152;26180;26184;26208;26222;26224;26236;26237;26264;26268;26271;26278;26280;26282;26288;26291;26292;26296;26320;26338;26342;26377;26405;26412;26419;26436;26437;26443;26447;26586;26601;26621;26636;26638;26680;26691;26707;26743;26753;26815;27207;27208;27298;27341;27355;27531;27810;27816;27818;27840;27841;27843;27847;27853;27860;27865;27866;27875;27915;27919;27927;27936;27939;27944;27949;27950;27953;27959;27966;27968;28076;28091;28102;28133;28139;28167;28318;28369;28375;28383;28433;28435;28443;28449;28466;28516;28532;28537;28562;28575;28578;28594;28611;28623;28644;28660;28663;28672;28675;28684;28693;28702;28719;28733;28754;28761;28771;28775;28783;28789;28901;28902;28905;28906;29003;29014;29030;29031;29032;29038;29044;29052;29126;29133;29142;29145;29146;29148;29154;29206;29207;29355;29409;29410;29426;29437;29445;29446;29449;29451;29453;29456;29466;29469;29471;29474;29482;29516;29519;29546;29554;29563;29565;29567;29585;29592;29596;29601;29658;29664;29672;29685;29742;29810;29824;29827;29836;29843;29844;29849;29904;29912;29916;29932;30072;30113;30114;30149;30170;30218;30228;30426;30427;30454;30625;30708;30738;30752;30807;30812;30815;30818;30822;30823;31015;31041;31045;31046;31067;31072;31094;31098;31302;31307;31327;31407;31409;31510;31518;31523;31524;31525;31527;31532;31537;31551;31554;31555;31556;31558;31563;31629;31630;31639;31699;31712;31714;31778;31784;31793;31814;31821;31826;31833;32009;32026;32034;32044;32055;32058;32061;32065;32072;32079;32082;32095;32096;32097;32124;32134;32145;32169;32177;32187;32212;32220;32227;32228;32233;32244;32309;32310;32320;32322;32323;32328;32334;32336;32356;32358;32403;32407;32408;32410;32413;32423;32427;32430;32437;32462;32463;32464;32466;32508;32535;32544;32547;32548;32565;32570;32612;32628;32639;32641;32656;32680;32683;32759;32779;32831;32925;32940;32966;33015;33018;33019;33027;33029;33033;33034;33035;33036;33037;33039;33040;33043;33050;33070;33122;33127;33128;33129;33131;33137;33139;33149;33155;33167;33178;33182;33193;33332;33401;33407;33410;33418;33430;33437;33438;33471;33473;33476;33480;33484;33493;33579;33592;33597;33602;33621;33852;33855;33867;33908;33921;33922;33924;33944;33954;33956;33957;33965;34101;34113;34139;34208;34216;34236;34292;34428;34429;34434;34449;34481;34691;34773;34786;34945;34946;34952;34957;34974;34996;35006;35033;35034;35042;35045;35046;35051;35073;35074;35077;35082;35098;35130;35136;35147;35160;35183;35442;35443;35447;35457;35458;35459;35460;35462;35463;35464;35466;35469;35476;35480;35490;35542;35546;35549;35559;35577;35579;35585;35587;35592;35593;35610;35615;35618;35633;35634;35643;35645;35647;35649;35653;35672;35677;35745;35746;35748;35751;35756;35764;35766;35774;35803;35808;35954;35959;36003;36006;36022;36025;36026;36027;36034;36042;36047;36049;36075;36104;36256;36258;36269;36346;36350;36362;36375;36401;36435;36436;36442;36456;36483;36505;36512;36513;36521;36524;36528;36540;36545;36550;36553;36556;36559;36560;36562;36567;36575;36579;36581;36590;36603;36723;36727;36732;36738;36740;36748;36749;36750;36751;36753;36756;36758;36759;36761;36763;36765;36767;36768;36773;36775;36776;36785;36786;36790;36792;36793;36858;36859;36862;36871;36879;36901;36910;36912;36921;36922;36925;37029;37033;37069;37079;37101;37132;37137;37138;37140;37142;37144;37150;37172;37183;37188;37201;37218;37306;37308;37310;37317;37325;37332;37337;37341;37348;37359;37360;37362;37369;37376;37380;37385;37405;37709;37713;37715;37719;37725;37727;37730;37731;37738;37752;37753;37763;37765;37777;37811;37814;37826;37829;37830;37843;37847;37851;37854;37857;37869;37873;37878;37880;37882;37885;38006;38037;38042;38044;38046;38047;38061;38079;38080;38103;38109;38132;38221;38236;38240;38254;38256;38257;38260;38261;38318;38326;38328;38330;38332;38333;38334;38339;38345;38348;38352;38357;38365;38367;38368;38372;38387;38390;38454;38463;38464;38471;38475;38476;38477;38488;38621;38641;38646;38670;38731;38748;38870;38944;38962;39079;39113;39347;39427;39647;39648;39813;39819;39862;39867;39870;40007;40008;40020;40036;40076;40111;40119;40121;40330;40342;40350;40359;40361;40363;40506;40808;40815;40816;40818;40820;40840;40845;40855;40939;40958;40988;41003;41039;41052;41063;41083;41086;41098;41175;41256;41301;41314;41317;41366;41385;41721;41832;41848;42025;42060;42061;42084;42085;42124;42141;42156;42157;42210;42215;42220;42265;42274;42275;42280;42328;42332;42333;42337;42338;42344;42347;42348;42350;42351;42352;42361;42366;42368;42369;42370;42371;42413;42437;42440;42445;42451;42453;42455;42649;42713;42722;42746;42757;43021;43022;43146;43149;43152;43153;43158;43217;43330;43333;43344;43432;43433;43445;43446;43452;43462;43501;43511;43531;43548;43711;43722;43731;43733;43747;43749;43754;43756;43761;43766;43767;43768;43771;43772;43782;43786;43793;43802;43805;43822;43824;43837;43840;43902;43905;43906;43907;43912;43914;43928;43932;43935;43938;43946;43947;43951;43953;43962;43967;43972;44032;44048;44049;44052;44082;44084;44085;44101;44264;44273;44287;44429;44430;44440;44441;44607;44621;44624;44626;44628;44633;44637;44638;44643;44653;44656;44675;44678;44687;44693;44699;44840;44841;44864;45002;45101;45133;45148;45171;45433;45616;45622;45642;45650;45654;45671;45672;45678;45685;45686;45688;45715;45734;45745;45746;45767;45773;45776;45779;45788;45789;45821;45838;45874;46039;46050;46057;46110;46111;46120;46127;46130;46144;46151;46157;46158;46162;46166;46175;46231;46301;46365;46556;46702;46914;46941;46957;46959;46967;46974;46988;46989;46998;47011;47018;47023;47030;47036;47104;47106;47118;47119;47124;47125;47138;47141;47147;47163;47165;47175;47325;47334;47387;47427;47431;47437;47443;47449;47453;47456;47458;47459;47464;47465;47467;47522;47524;47528;47537;47552;47562;47590;47591;47598;47615;47616;47637;47639;47712;47836;47842;47847;47850;47855;47859;47860;47868;47872;47880;47916;47929;47965;47980;48023;48242;48401;48426;48432;48434;48441;48465;48470;48472;48553;48610;48613;48617;48624;48636;48651;48705;48725;48730;48742;48750;48759;48760;48765;48832;48838;48841;48851;48860;48889;49022;49031;49040;49051;49066;49073;49096;49230;49253;49272;49303;49312;49338;49344;49347;49405;49410;49411;49419;49420;49434;49450;49452;49459;49617;49618;49623;49627;49628;49633;49636;49638;49639;49644;49646;49651;49654;49657;49660;49679;49682;49705;49710;49724;49733;49738;49740;49743;49744;49747;49753;49759;49760;49768;49769;49775;49776;49777;49795;49796;49801;49807;49808;49814;49815;49816;49818;49819;49820;49822;49826;49827;49836;49839;49840;49847;49853;49858;49864;49870;49874;49877;49878;49879;49880;49881;49883;49884;49886;49887;49892;49896;49902;49903;49905;49915;49918;49927;49935;49946;49950;49960;49968;49971;50003;50014;50027;50034;50041;50054;50064;50070;50074;50101;50116;50119;50125;50127;50130;50131;50151;50211;50218;50227;50237;50242;50252;50255;50261;50271;50278;50426;50428;50455;50460;50483;50519;50520;50541;50545;50556;50558;50560;50570;50576;50577;50582;50593;50599;50620;50643;50645;50658;50660;50673;50677;50703;50854;50858;51018;51019;51020;51038;51053;51063;51109;51331;51347;51448;51510;51526;51540;51542;51548;51560;51571;51601;52037;52038;52060;52066;52068;52073;52154;52175;52236;52306;52337;52339;52342;52348;52533;52543;52555;52566;52586;52588;52593;52638;52646;52653;52658;52660;52732;52769;52773;53006;53011;53019;53021;53023;53035;53036;53039;53042;53049;53050;53061;53065;53093;53094;53098;53115;53126;53190;53505;53525;53536;53544;53546;53548;53553;53556;53581;53583;53816;53925;53929;53931;53932;53937;53943;53948;53954;53964;53965;54003;54011;54119;54120;54125;54151;54161;54174;54201;54213;54216;54230;54247;54405;54408;54414;54418;54424;54426;54430;54436;54442;54446;54450;54452;54454;54457;54460;54462;54465;54466;54470;54489;54490;54491;54493;54495;54498;54511;54519;54520;54534;54536;54538;54540;54546;54548;54554;54558;54560;54561;54565;54641;54653;54666;54740;54750;54754;54821;54828;54846;54850;54861;54896;54934;54961;54980;55007;55013;55018;55025;55036;55037;55040;55063;55072;55090;55111;55121;55127;55314;55319;55327;55334;55338;55358;55385;55387;55390;55391;55437;55441;55450;55603;55604;55606;55612;55613;55614;55615;55708;55709;55710;55712;55723;55725;55734;55738;55741;55750;55751;55764;55768;55769;55771;55772;55780;55781;55784;55790;55792;55797;55802;55803;55804;55910;55936;55967;55970;55972;55973;55975;55979;55990;56017;56031;56036;56043;56054;56056;56063;56074;56082;56090;56111;56114;56127;56131;56134;56140;56143;56146;56147;56158;56165;56175;56208;56211;56218;56236;56240;56253;56265;56270;56288;56291;56294;56301;56310;56314;56319;56321;56340;56349;56357;56358;56360;56373;56374;56379;56389;56435;56438;56447;56458;56469;56470;56479;56515;56516;56519;56520;56522;56524;56525;56531;56533;56543;56544;56566;56572;56577;56578;56580;56601;56627;56629;56633;56639;56649;56650;56654;56658;56663;56688;56716;56721;56722;56723;56731;56744;56755;56763;57010;57013;57015;57017;57024;57025;57046;57047;57049;57064;57069;57212;57214;57216;57233;57245;57249;57269;57271;57322;57324;57340;57346;57355;57362;57365;57386;57424;57440;57469;57470;57479;57520;57531;57536;57570;57584;57601;57622;57625;57630;57633;57636;57641;57645;57656;57660;57661;57701;57706;57716;57717;57722;57732;57745;57772;57776;57779;57782;57785;57793;58002;58004;58005;58007;58009;58011;58012;58021;58029;58031;58035;58036;58038;58042;58045;58046;58047;58052;58056;58059;58062;58063;58065;58068;58075;58201;58203;58214;58218;58223;58228;58233;58239;58240;58249;58256;58257;58258;58261;58267;58269;58274;58275;58277;58311;58317;58323;58339;58352;58353;58357;58363;58365;58369;58377;58385;58416;58420;58430;58444;58448;58456;58476;58479;58480;58481;58494;58529;58533;58535;58541;58554;58559;58560;58562;58564;58568;58570;58572;58580;58621;58622;58627;58630;58632;58636;58639;58641;58645;58647;58649;58653;58654;58656;58701;58713;58716;58723;58725;58731;58734;58735;58755;58763;58768;58769;58781;58782;58783;58785;58788;58789;58792;58793;58801;58831;58838;58847;58856;59002;59003;59007;59010;59013;59014;59015;59016;59018;59020;59022;59026;59027;59028;59029;59030;59031;59034;59035;59037;59039;59046;59047;59050;59052;59054;59055;59058;59061;59062;59064;59065;59066;59067;59068;59070;59071;59075;59076;59078;59081;59085;59086;59087;59088;59089;59101;59105;59106;59201;59212;59213;59214;59218;59223;59225;59226;59230;59231;59241;59242;59247;59252;59254;59255;59256;59257;59260;59261;59262;59275;59276;59311;59312;59314;59318;59322;59323;59336;59338;59349;59354;59404;59410;59411;59412;59414;59416;59417;59418;59419;59421;59422;59425;59427;59432;59434;59440;59444;59446;59447;59448;59451;59452;59453;59460;59462;59463;59464;59466;59467;59474;59479;59480;59483;59485;59487;59489;59522;59524;59525;59527;59528;59529;59530;59531;59538;59542;59545;59546;59547;59601;59602;59631;59632;59633;59635;59636;59638;59639;59640;59642;59643;59644;59645;59647;59701;59703;59711;59713;59714;59715;59720;59721;59722;59724;59725;59731;59732;59733;59735;59736;59739;59740;59743;59745;59746;59747;59748;59750;59751;59754;59756;59758;59760;59761;59762;59802;59803;59820;59825;59827;59828;59829;59831;59832;59837;59840;59841;59843;59845;59846;59847;59854;59858;59859;59860;59863;59866;59867;59871;59872;59875;59911;59916;59919;59926;59927;59928;59932;59935;59936;59937;60018;60034;60072;60111;60113;60129;60140;60144;60145;60150;60151;60410;60420;60437;60444;60447;60484;60530;60536;60549;60552;60554;60557;60901;60911;60912;60913;60914;60915;60919;60924;60927;60930;60931;60934;60935;60940;60945;60948;60949;60950;60951;60958;60960;60961;60964;60966;60970;60973;60974;61001;61007;61013;61015;61016;61027;61028;61038;61041;61043;61044;61059;61060;61065;61070;61071;61072;61075;61077;61087;61089;61232;61238;61243;61251;61259;61311;61312;61314;61315;61316;61317;61321;61326;61327;61328;61329;61331;61333;61334;61336;61337;61338;61341;61344;61345;61346;61348;61350;61356;61359;61361;61367;61368;61369;61372;61373;61374;61375;61378;61379;61417;61424;61425;61426;61431;61432;61433;61435;61441;61448;61451;61469;61470;61477;61479;61480;61482;61483;61488;61516;61517;61519;61520;61523;61526;61531;61537;61543;61545;61552;61553;61560;61563;61569;61602;61720;61724;61729;61733;61734;61735;61747;61749;61751;61756;61771;61772;61775;61777;61810;61811;61812;61813;61814;61815;61831;61840;61841;61844;61845;61847;61848;61849;61850;61851;61852;61853;61855;61859;61862;61863;61871;61872;61875;61876;61877;61884;61917;61919;61929;61932;61940;61941;62006;62011;62012;62023;62027;62028;62030;62035;62036;62045;62047;62048;62050;62053;62054;62059;62065;62070;62078;62081;62082;62084;62087;62098;62201;62238;62239;62240;62258;62262;62273;62280;62284;62288;62312;62314;62319;62324;62338;62340;62343;62345;62352;62355;62356;62357;62361;62362;62363;62366;62370;62373;62375;62376;62378;62379;62380;62413;62414;62418;62419;62421;62423;62425;62432;62433;62434;62438;62439;62444;62451;62452;62459;62460;62469;62475;62478;62481;62501;62514;62515;62519;62520;62521;62534;62537;62538;62539;62545;62553;62563;62573;62601;62613;62615;62621;62622;62624;62639;62663;62666;62670;62671;62673;62674;62681;62682;62685;62688;62695;62807;62809;62811;62814;62815;62816;62818;62820;62821;62830;62833;62836;62838;62841;62842;62843;62844;62848;62849;62850;62851;62853;62854;62858;62861;62863;62867;62869;62871;62874;62877;62878;62879;62880;62883;62885;62886;62887;62889;62893;62895;62898;62902;62903;62906;62908;62910;62912;62914;62916;62922;62928;62935;62938;62941;62942;62943;62947;62950;62952;62953;62957;62960;62961;62962;62963;62967;62969;62970;62972;62979;62984;62985;62988;62990;62994;62996;62997;62998;63030;63036;63041;63056;63060;63061;63071;63072;63087;63330;63339;63361;63401;63430;63433;63435;63440;63441;63443;63445;63457;63465;63467;63536;63537;63538;63540;63541;63543;63548;63557;63566;63625;63626;63628;63629;63633;63636;63648;63655;63656;63660;63662;63666;63670;63673;63674;63675;63735;63736;63738;63739;63743;63745;63746;63748;63750;63751;63760;63763;63766;63769;63774;63781;63782;63783;63784;63785;63787;63821;63823;63824;63827;63828;63830;63833;63845;63846;63849;63851;63855;63860;63862;63867;63869;63878;63880;63932;63933;63935;63936;63944;63951;63952;63953;63955;63956;63961;63967;64017;64036;64061;64066;64085;64089;64092;64098;64164;64166;64420;64422;64427;64428;64431;64437;64440;64441;64445;64449;64480;64492;64497;64498;64657;64658;64664;64686;64720;64724;64726;64740;64750;64767;64769;64780;64783;64784;65011;65016;65017;65024;65035;65040;65051;65052;65058;65061;65062;65064;65074;65083;65230;65232;65236;65246;65250;65254;65257;65278;65280;65282;65283;65286;65326;65333;65334;65335;65345;65441;65443;65457;65461;65468;65470;65473;65534;65550;65560;65608;65610;65612;65624;65625;65626;65629;65630;65631;65634;65638;65641;65644;65647;65654;65655;65656;65658;65660;65661;65676;65681;65682;65690;65692;65715;65717;65720;65729;65735;65745;65760;65761;65762;65766;65768;65772;65773;65774;65778;65779;65784;65787;66008;66014;66019;66025;66044;66050;66095;66218;66404;66408;66409;66412;66422;66423;66427;66429;66431;66503;66517;66522;66527;66534;66538;66546;66610;66614;66615;66619;66622;66701;66711;66733;66741;66760;66763;66771;66778;66834;66840;66843;66845;66851;66852;66853;66854;66856;66863;66864;66866;66868;66870;66871;66945;66946;66949;66955;66956;66966;66967;67001;67002;67003;67012;67017;67024;67029;67030;67041;67042;67045;67050;67054;67055;67056;67058;67060;67061;67068;67071;67074;67101;67104;67108;67114;67127;67132;67135;67137;67142;67147;67159;67206;67209;67215;67226;67227;67228;67301;67330;67335;67337;67340;67341;67353;67360;67361;67401;67420;67428;67431;67441;67448;67449;67454;67455;67456;67459;67460;67464;67480;67501;67510;67514;67516;67521;67524;67544;67545;67548;67553;67554;67561;67563;67567;67568;67573;67576;67578;67584;67622;67629;67635;67639;67644;67648;67653;67654;67661;67663;67669;67672;67673;67730;67731;67733;67734;67735;67738;67739;67740;67744;67745;67748;67749;67756;67761;67801;67834;67846;67851;67853;67854;67859;67864;67865;67868;67869;67871;67877;67901;67952;68001;68004;68010;68029;68042;68047;68057;68058;68061;68062;68064;68065;68068;68110;68122;68142;68303;68305;68307;68315;68316;68320;68321;68322;68323;68324;68325;68326;68327;68329;68332;68335;68337;68339;68340;68341;68343;68345;68348;68351;68354;68358;68359;68362;68370;68375;68377;68378;68380;68409;68410;68416;68420;68436;68441;68443;68446;68447;68450;68452;68463;68528;68621;68623;68626;68627;68631;68633;68641;68649;68652;68654;68655;68659;68661;68665;68667;68716;68717;68718;68719;68724;68730;68734;68735;68736;68747;68749;68756;68760;68761;68763;68764;68766;68768;68770;68774;68783;68784;68786;68789;68791;68792;68816;68825;68826;68827;68831;68834;68835;68850;68855;68860;68872;68881;68882;68920;68929;68932;68933;68934;68936;68938;68941;68942;68943;68950;68952;68954;68955;68959;68964;68969;68970;68972;68974;68975;68976;68978;68979;68982;69023;69024;69027;69032;69033;69034;69037;69040;69043;69044;69046;69120;69122;69127;69129;69138;69156;69163;69167;69168;69201;69210;69211;69212;69218;69219;69221;69334;69335;69336;69340;69343;69347;69351;69352;69353;69356;69357;69358;69360;69361;69366;69367;70030;70038;70040;70041;70050;70057;70067;70068;70070;70082;70083;70085;70087;70090;70091;70122;70129;70301;70339;70344;70353;70355;70357;70373;70377;70380;70390;70392;70395;70438;70441;70442;70444;70446;70454;70464;70465;70510;70513;70518;70523;70533;70534;70542;70548;70549;70556;70563;70582;70589;70592;70615;70630;70633;70634;70637;70639;70640;70643;70646;70653;70655;70668;70712;70715;70719;70722;70736;70739;70744;70749;70752;70761;70764;70776;70777;70782;70787;70803;70807;71003;71004;71019;71023;71024;71029;71030;71031;71034;71038;71039;71040;71046;71048;71049;71051;71052;71070;71079;71082;71101;71105;71111;71112;71115;71209;71226;71232;71235;71241;71247;71254;71256;71259;71261;71272;71275;71276;71279;71282;71286;71301;71302;71316;71322;71326;71331;71336;71340;71343;71351;71353;71354;71357;71366;71367;71368;71369;71371;71373;71375;71401;71403;71404;71407;71414;71416;71417;71418;71419;71422;71424;71425;71427;71429;71438;71441;71447;71450;71452;71454;71455;71456;71462;71463;71465;71466;71467;71468;71472;71473;71479;71601;71603;71630;71642;71644;71647;71652;71654;71658;71659;71661;71663;71665;71666;71674;71711;71722;71725;71752;71753;71759;71762;71763;71764;71765;71766;71827;71833;71835;71853;71854;71860;71865;71901;71933;71941;71949;71956;71964;71970;71971;72001;72004;72005;72011;72014;72015;72021;72025;72045;72055;72063;72065;72072;72076;72080;72084;72087;72106;72107;72108;72119;72122;72126;72127;72128;72135;72152;72156;72157;72165;72166;72167;72169;72175;72179;72311;72320;72321;72324;72325;72326;72328;72329;72332;72338;72340;72341;72342;72346;72347;72348;72350;72353;72355;72358;72367;72370;72372;72373;72376;72377;72379;72383;72389;72394;72396;72410;72412;72415;72422;72425;72427;72431;72445;72453;72458;72460;72471;72472;72476;72522;72524;72526;72530;72538;72546;72550;72554;72562;72564;72567;72579;72617;72628;72630;72633;72639;72645;72670;72679;72686;72701;72721;72833;72837;72839;72840;72843;72845;72852;72854;72857;72932;72934;72946;72948;72955;73004;73017;73024;73025;73027;73029;73030;73038;73041;73042;73052;73055;73058;73059;73061;73062;73067;73068;73075;73077;73078;73079;73082;73084;73092;73099;73141;73145;73149;73165;73169;73425;73430;73432;73433;73434;73437;73438;73439;73440;73441;73444;73447;73448;73449;73450;73455;73456;73459;73460;73481;73487;73491;73503;73526;73527;73533;73537;73538;73541;73543;73547;73549;73559;73560;73564;73565;73566;73567;73569;73572;73573;73620;73622;73624;73625;73632;73639;73641;73647;73650;73655;73661;73662;73701;73705;73717;73720;73729;73736;73737;73744;73753;73757;73759;73844;73852;73855;73901;73932;73933;73938;73939;73944;73945;73946;73947;73949;74002;74003;74006;74015;74017;74022;74027;74028;74029;74045;74046;74047;74058;74061;74068;74071;74074;74082;74117;74126;74301;74331;74332;74333;74349;74350;74360;74363;74369;74401;74403;74423;74432;74434;74436;74446;74450;74451;74457;74459;74460;74462;74463;74471;74477;74501;74522;74525;74528;74530;74531;74533;74534;74535;74538;74543;74547;74549;74555;74556;74557;74560;74562;74565;74567;74571;74572;74576;74578;74601;74630;74641;74646;74647;74651;74653;74722;74724;74726;74730;74735;74738;74740;74745;74748;74756;74759;74760;74761;74801;74825;74827;74840;74844;74848;74849;74850;74854;74855;74859;74868;74871;74872;74873;74878;74880;74884;74901;74930;74931;74936;74939;74940;74943;74945;74948;74955;74957;74963;74965;75035;75078;75087;75101;75103;75105;75125;75127;75140;75152;75153;75155;75159;75161;75164;75165;75166;75172;75173;75410;75412;75413;75417;75418;75421;75423;75431;75435;75437;75438;75446;75447;75450;75451;75455;75459;75462;75468;75471;75475;75478;75481;75486;75488;75492;75493;75503;75550;75555;75558;75560;75561;75562;75565;75572;75630;75633;75643;75650;75656;75657;75670;75672;75686;75764;75765;75771;75780;75790;75801;75840;75844;75846;75847;75848;75850;75851;75852;75853;75856;75858;75859;75928;75929;75930;75932;75933;75934;75935;75937;75938;75942;75943;75949;75956;75960;75961;75966;75968;75972;75973;75975;75977;75978;76011;76023;76033;76051;76064;76071;76084;76085;76088;76093;76155;76177;76228;76230;76251;76261;76264;76273;76305;76310;76354;76364;76367;76384;76388;76424;76426;76429;76430;76433;76443;76453;76455;76462;76463;76464;76469;76470;76471;76475;76483;76504;76511;76520;76523;76524;76530;76543;76544;76557;76561;76573;76577;76578;76579;76597;76621;76622;76623;76624;76626;76628;76631;76632;76638;76639;76641;76652;76654;76655;76661;76664;76665;76671;76676;76678;76679;76680;76681;76682;76685;76686;76801;76820;76825;76827;76831;76834;76837;76841;76848;76853;76854;76856;76858;76859;76866;76874;76875;76882;76885;76888;76904;76905;76930;76932;76933;76934;76935;76939;76940;76941;76943;76945;76949;76950;76951;76953;76957;76958;77003;77015;77017;77029;77032;77041;77043;77047;77050;77054;77077;77079;77082;77085;77318;77328;77334;77358;77367;77368;77369;77374;77376;77377;77378;77412;77414;77415;77417;77420;77428;77432;77434;77435;77436;77440;77442;77443;77447;77448;77451;77453;77454;77457;77458;77460;77464;77465;77467;77468;77469;77470;77473;77475;77478;77481;77482;77483;77484;77485;77493;77507;77514;77519;77520;77533;77554;77561;77564;77575;77577;77583;77585;77614;77615;77616;77624;77625;77659;77660;77661;77663;77665;77802;77808;77831;77835;77836;77837;77857;77859;77867;77878;77905;77950;77951;77957;77960;77964;77968;77969;77970;77973;77974;77975;77976;77978;77979;77982;77983;77984;77987;77988;77990;77991;77995;78003;78007;78008;78011;78012;78014;78016;78019;78022;78026;78043;78044;78050;78056;78060;78063;78064;78065;78066;78069;78071;78072;78073;78075;78076;78104;78107;78109;78113;78114;78116;78117;78118;78119;78121;78125;78133;78140;78141;78142;78143;78144;78145;78146;78147;78151;78159;78160;78161;78162;78257;78335;78338;78340;78341;78342;78343;78349;78351;78352;78355;78357;78358;78361;78363;78372;78373;78374;78375;78377;78380;78382;78383;78384;78385;78387;78389;78390;78391;78393;78415;78418;78520;78521;78526;78538;78541;78545;78550;78562;78565;78566;78567;78569;78576;78578;78579;78580;78583;78584;78592;78593;78595;78597;78598;78607;78608;78609;78615;78616;78622;78629;78631;78632;78635;78639;78648;78650;78654;78659;78661;78663;78670;78671;78672;78675;78677;78719;78744;78801;78802;78829;78830;78832;78834;78836;78837;78840;78851;78852;78860;78861;78871;78872;78877;78881;78886;78933;78935;78941;78943;78948;79001;79003;79005;79010;79011;79014;79015;79024;79025;79027;79029;79033;79034;79035;79036;79039;79040;79043;79045;79046;79054;79056;79057;79058;79059;79062;79068;79070;79078;79080;79081;79083;79085;79091;79092;79093;79098;79105;79108;79111;79118;79201;79226;79229;79230;79231;79233;79235;79236;79237;79239;79241;79245;79248;79251;79256;79258;79261;79311;79312;79313;79316;79323;79325;79331;79343;79345;79347;79350;79355;79358;79359;79360;79367;79372;79373;79376;79378;79404;79503;79504;79505;79506;79511;79512;79517;79526;79527;79533;79536;79543;79545;79546;79548;79549;79553;79556;79561;79563;79565;79603;79706;79713;79714;79718;79730;79731;79733;79734;79735;79738;79741;79742;79743;79744;79752;79754;79755;79756;79758;79759;79764;79766;79772;79777;79778;79780;79781;79783;79785;79788;79789;79830;79831;79837;79842;79843;79845;79848;79849;79851;79853;79854;79855;79908;79928;79942;80007;80117;80133;80137;80422;80426;80427;80432;80438;80440;80442;80444;80447;80448;80449;80456;80459;80463;80468;80469;80475;80476;80478;80479;80480;80483;80498;80510;80511;80514;80520;80532;80534;80540;80610;80615;80621;80622;80623;80648;80649;80650;80652;80653;80701;80721;80722;80733;80736;80737;80741;80742;80744;80745;80749;80750;80751;80754;80755;80801;80802;80809;80812;80818;80824;80827;80828;80830;80832;80835;80860;80862;80864;80902;80913;80916;80927;80928;80930;81007;81008;81020;81024;81025;81027;81039;81041;81044;81045;81049;81057;81059;81063;81064;81067;81081;81087;81091;81092;81120;81122;81126;81131;81132;81141;81146;81149;81152;81220;81225;81226;81227;81230;81232;81239;81240;81241;81243;81244;81248;81251;81321;81324;81325;81330;81334;81401;81403;81411;81415;81416;81419;81422;81423;81425;81426;81427;81428;81429;81431;81433;81434;81505;81507;81521;81522;81523;81524;81525;81527;81601;81620;81621;81625;81630;81633;81635;81638;81640;81641;81642;81645;81648;81649;81650;81652;81655;81656;81657;82001;82009;82051;82052;82055;82058;82059;82061;82063;82072;82073;82081;82082;82083;82084;82190;82201;82212;82213;82215;82217;82219;82221;82222;82224;82225;82227;82229;82240;82242;82243;82244;82301;82321;82322;82324;82325;82327;82329;82331;82332;82334;82335;82336;82410;82420;82428;82432;82433;82435;82440;82441;82442;82443;82501;82510;82512;82514;82515;82516;82520;82523;82601;82604;82609;82620;82630;82633;82637;82638;82643;82646;82648;82649;82701;82710;82716;82718;82721;82725;82727;82731;82732;82834;82836;82837;82838;82844;82901;82922;82923;82929;82930;82932;82933;82934;82935;82937;82938;82939;82943;82944;82945;83011;83013;83014;83101;83110;83111;83112;83113;83115;83116;83119;83121;83123;83124;83126;83128;83202;83203;83204;83210;83211;83212;83215;83217;83220;83221;83233;83236;83238;83239;83253;83262;83263;83271;83272;83274;83276;83281;83283;83286;83312;83313;83314;83316;83320;83321;83324;83325;83334;83335;83337;83341;83342;83344;83348;83349;83352;83401;83406;83423;83434;83443;83444;83446;83448;83449;83460;83462;83463;83464;83465;83468;83469;83501;83520;83522;83523;83525;83526;83530;83533;83535;83536;83537;83539;83540;83542;83544;83545;83546;83547;83548;83549;83552;83554;83555;83602;83604;83611;83612;83616;83622;83623;83624;83627;83628;83631;83633;83636;83638;83639;83641;83650;83657;83661;83666;83670;83671;83677;83702;83714;83716;83802;83805;83806;83808;83809;83810;83812;83813;83821;83823;83824;83826;83830;83833;83834;83835;83837;83839;83841;83842;83845;83846;83847;83848;83850;83851;83856;83857;83858;83861;83864;83866;83867;83868;83869;83870;83873;83874;83876;84002;84003;84004;84006;84013;84017;84018;84021;84023;84024;84027;84029;84032;84033;84034;84035;84036;84038;84039;84044;84046;84049;84056;84061;84062;84063;84069;84071;84074;84078;84083;84085;84086;84087;84092;84096;84103;84116;84304;84305;84307;84308;84313;84317;84319;84326;84327;84328;84330;84331;84335;84336;84337;84403;84404;84405;84414;84511;84512;84513;84515;84516;84522;84525;84526;84529;84530;84531;84533;84535;84536;84537;84539;84540;84604;84620;84623;84628;84630;84632;84633;84635;84636;84637;84639;84642;84645;84646;84648;84651;84652;84653;84654;84656;84657;84662;84663;84664;84667;84701;84711;84712;84713;84714;84715;84718;84720;84722;84725;84728;84729;84731;84733;84734;84736;84737;84739;84740;84741;84742;84743;84744;84745;84746;84749;84750;84751;84752;84753;84755;84756;84758;84759;84760;84761;84762;84763;84764;84765;84766;84767;84772;84773;84774;84775;84779;84781;84782;84783;85024;85054;85121;85123;85131;85132;85135;85139;85141;85145;85147;85172;85173;85192;85193;85194;85226;85262;85263;85264;85321;85322;85324;85325;85326;85328;85332;85333;85334;85336;85337;85339;85340;85342;85343;85344;85346;85347;85350;85352;85354;85356;85357;85360;85362;85365;85371;85501;85530;85533;85535;85536;85539;85540;85541;85542;85543;85544;85546;85550;85551;85553;85554;85601;85602;85603;85607;85608;85609;85611;85614;85618;85619;85622;85623;85624;85629;85631;85633;85634;85635;85643;85645;85646;85653;85654;85658;85736;85739;85743;85746;85901;85911;85912;85920;85924;85926;85927;85928;85929;85930;85931;85932;85933;85936;85938;85940;85942;86003;86004;86011;86015;86016;86017;86018;86020;86021;86022;86023;86024;86025;86028;86029;86030;86031;86032;86033;86034;86035;86036;86038;86039;86040;86042;86044;86045;86046;86047;86053;86054;86305;86320;86321;86322;86323;86324;86327;86329;86331;86332;86333;86334;86335;86336;86338;86401;86409;86411;86413;86429;86431;86432;86434;86435;86436;86437;86438;86440;86441;86443;86445;86502;86503;86504;86505;86510;86511;86512;86514;86538;86540;87001;87002;87004;87005;87006;87007;87011;87012;87013;87014;87017;87018;87020;87021;87022;87024;87025;87026;87027;87028;87029;87031;87032;87034;87035;87036;87037;87038;87040;87041;87043;87046;87047;87049;87051;87052;87053;87056;87061;87062;87063;87068;87070;87072;87105;87117;87120;87305;87311;87313;87315;87316;87320;87321;87325;87326;87327;87328;87347;87357;87410;87412;87415;87416;87418;87419;87420;87455;87461;87499;87501;87510;87511;87512;87513;87514;87515;87517;87518;87519;87520;87521;87522;87523;87524;87525;87527;87528;87529;87531;87535;87537;87539;87540;87543;87548;87549;87551;87552;87553;87554;87556;87557;87558;87562;87564;87573;87575;87577;87578;87580;87581;87582;87583;87701;87710;87712;87713;87714;87715;87718;87722;87723;87724;87729;87730;87731;87732;87734;87735;87740;87742;87743;87749;87750;87752;87753;87801;87820;87821;87823;87824;87825;87827;87828;87829;87830;87831;87832;87901;87930;87931;87933;87935;87937;87939;87940;87941;87942;87943;88004;88007;88008;88009;88011;88012;88020;88021;88022;88023;88024;88025;88026;88027;88028;88029;88033;88034;88038;88039;88040;88042;88043;88044;88045;88048;88049;88051;88053;88055;88056;88065;88072;88081;88103;88112;88113;88114;88115;88116;88118;88119;88120;88121;88124;88125;88126;88130;88132;88134;88136;88201;88203;88220;88231;88232;88240;88250;88252;88253;88256;88262;88263;88264;88265;88301;88310;88316;88318;88321;88323;88324;88325;88336;88338;88339;88340;88341;88342;88343;88344;88347;88348;88349;88351;88353;88354;88401;88411;88414;88415;88416;88417;88418;88419;88421;88422;88424;88426;88430;88431;89001;89003;89007;89008;89010;89013;89017;89018;89019;89020;89026;89039;89040;89043;89044;89045;89047;89049;89052;89054;89060;89061;89124;89161;89179;89191;89301;89310;89311;89314;89316;89317;89318;89319;89404;89405;89406;89409;89410;89412;89413;89414;89415;89418;89419;89420;89421;89422;89423;89424;89425;89427;89428;89429;89430;89434;89438;89440;89445;89447;89510;89521;89704;89705;89801;89815;89820;89821;89822;89823;89825;89826;89830;89831;89833;89834;89835;89883;90045;90704;90742;90743;91342;91355;91384;91390;91702;91750;91901;91905;91906;91916;91934;91948;91962;91978;91980;92004;92036;92055;92059;92060;92061;92066;92070;92086;92131;92225;92227;92231;92233;92239;92241;92242;92243;92249;92250;92251;92252;92254;92256;92257;92258;92266;92267;92268;92273;92274;92275;92277;92278;92280;92282;92283;92285;92301;92304;92305;92309;92311;92327;92328;92332;92338;92341;92342;92347;92356;92359;92364;92365;92384;92385;92389;92397;92398;92539;92555;92561;92582;92596;92610;92675;93001;93015;93023;93040;93041;93042;93060;93201;93203;93204;93205;93206;93207;93208;93210;93212;93215;93220;93221;93222;93224;93225;93226;93238;93239;93243;93244;93249;93250;93251;93252;93254;93257;93260;93261;93262;93265;93266;93268;93270;93271;93274;93276;93280;93287;93291;93301;93306;93308;93311;93313;93402;93410;93420;93426;93429;93432;93434;93437;93440;93441;93445;93449;93451;93452;93453;93455;93461;93505;93510;93512;93513;93514;93516;93517;93518;93519;93522;93523;93526;93527;93528;93529;93530;93531;93532;93535;93536;93541;93543;93544;93545;93546;93549;93550;93553;93554;93558;93560;93561;93562;93563;93592;93603;93604;93608;93612;93615;93619;93620;93621;93622;93624;93627;93628;93633;93634;93637;93638;93640;93641;93647;93654;93656;93660;93664;93665;93666;93673;93675;93706;93901;93908;93920;93921;93923;93925;93926;93927;93928;93930;93932;93943;93954;93955;93962;94020;94074;94505;94511;94512;94548;94550;94555;94560;94567;94569;94571;94573;94589;94922;94924;94929;94937;94938;94946;94950;94956;94970;94971;94972;95012;95013;95017;95023;95075;95135;95140;95203;95206;95215;95219;95223;95224;95226;95230;95234;95240;95242;95245;95246;95248;95250;95251;95255;95304;95305;95310;95311;95313;95314;95316;95318;95321;95322;95323;95324;95327;95329;95335;95341;95348;95351;95358;95360;95361;95363;95364;95365;95369;95374;95375;95377;95379;95383;95385;95386;95387;95388;95389;95391;95412;95415;95417;95421;95423;95426;95428;95429;95432;95445;95450;95454;95458;95459;95463;95465;95466;95468;95469;95470;95485;95488;95490;95493;95494;95497;95503;95511;95514;95525;95526;95527;95528;95543;95545;95546;95547;95548;95549;95550;95552;95554;95555;95556;95558;95559;95560;95563;95564;95565;95567;95568;95569;95570;95573;95585;95587;95589;95595;95601;95620;95627;95634;95636;95638;95639;95640;95641;95645;95648;95653;95659;95666;95674;95675;95679;95680;95681;95684;95690;95692;95694;95695;95698;95701;95703;95715;95720;95724;95726;95728;95735;95736;95742;95776;95903;95910;95914;95915;95916;95917;95919;95920;95923;95925;95930;95934;95935;95936;95937;95939;95941;95942;95944;95945;95947;95948;95949;95950;95951;95953;95954;95956;95957;95959;95960;95962;95963;95965;95966;95969;95970;95971;95973;95974;95977;95978;95979;95981;95982;95983;95984;95986;95987;95988;95991;96001;96003;96006;96009;96010;96011;96014;96015;96017;96020;96021;96022;96023;96024;96025;96027;96028;96029;96031;96033;96034;96037;96038;96039;96040;96041;96044;96046;96047;96048;96049;96050;96051;96052;96054;96055;96057;96061;96062;96064;96067;96068;96074;96075;96076;96084;96087;96088;96091;96092;96093;96094;96096;96097;96101;96103;96104;96105;96106;96107;96108;96109;96110;96111;96112;96115;96116;96118;96119;96120;96121;96123;96124;96125;96126;96129;96132;96133;96134;96135;96136;96137;96701;96703;96705;96708;96710;96712;96716;96720;96727;96728;96737;96738;96740;96742;96743;96747;96750;96751;96755;96756;96757;96760;96761;96762;96763;96766;96769;96770;96772;96773;96774;96776;96777;96779;96780;96781;96783;96785;96786;96789;96796;96797;96815;96850;96857;96860;97016;97037;97040;97041;97048;97067;97103;97107;97119;97134;97148;97341;97342;97344;97345;97346;97350;97358;97375;97380;97388;97406;97410;97413;97414;97416;97429;97434;97436;97447;97450;97462;97467;97480;97484;97487;97489;97492;97493;97522;97541;97544;97601;97620;97621;97622;97624;97626;97635;97636;97637;97639;97641;97710;97711;97712;97721;97722;97732;97735;97736;97737;97750;97751;97752;97754;97758;97759;97761;97812;97813;97817;97819;97820;97824;97826;97827;97828;97839;97842;97843;97846;97848;97856;97864;97870;97874;97877;97880;97882;97883;97885;97903;97904;97905;97906;97907;97909;97910;97911;97913;97914;97918;97920;98022;98045;98223;98224;98225;98241;98244;98245;98251;98252;98267;98271;98272;98274;98278;98283;98288;98297;98305;98315;98323;98326;98331;98336;98353;98355;98357;98358;98362;98363;98368;98381;98388;98520;98526;98533;98537;98544;98548;98550;98552;98560;98563;98564;98586;98587;98590;98602;98610;98616;98619;98628;98639;98648;98649;98651;98660;98670;98673;98802;98811;98813;98814;98816;98819;98822;98826;98827;98829;98830;98833;98834;98840;98841;98843;98844;98845;98848;98849;98850;98851;98852;98853;98855;98858;98859;98860;98901;98903;98908;98922;98925;98929;98930;98937;98938;98940;98941;98944;98948;98952;99006;99011;99013;99016;99019;99021;99022;99025;99026;99036;99040;99110;99114;99115;99116;99118;99121;99123;99124;99126;99128;99131;99133;99134;99138;99141;99144;99146;99147;99148;99149;99150;99151;99152;99153;99154;99157;99160;99166;99174;99180;99216;99217;99224;99321;99323;99328;99337;99346;99348;99349;99361;99363;99402;99503;99505;99506;99507;99510;99515;99519;99540;99546;99547;99548;99549;99550;99551;99552;99553;99554;99555;99556;99557;99558;99561;99563;99564;99565;99566;99568;99569;99571;99573;99575;99576;99577;99578;99579;99580;99581;99583;99585;99586;99588;99589;99590;99591;99602;99603;99604;99605;99606;99607;99609;99610;99611;99612;99613;99614;99615;99620;99621;99622;99624;99625;99626;99627;99628;99630;99631;99632;99633;99634;99636;99637;99638;99640;99641;99644;99647;99648;99649;99650;99651;99653;99655;99656;99657;99658;99659;99660;99661;99662;99663;99665;99666;99667;99668;99670;99671;99672;99674;99676;99678;99679;99680;99681;99682;99683;99684;99685;99686;99689;99690;99691;99692;99693;99695;99701;99702;99706;99712;99714;99720;99721;99722;99724;99726;99727;99729;99730;99732;99733;99734;99736;99737;99738;99739;99740;99741;99742;99743;99744;99745;99746;99747;99748;99749;99750;99751;99752;99753;99754;99755;99756;99757;99758;99759;99760;99761;99762;99763;99764;99765;99766;99767;99768;99769;99770;99771;99772;99773;99774;99777;99778;99780;99781;99782;99783;99784;99785;99786;99788;99789;99790;99791;99801;99820;99825;99826;99827;99829;99830;99832;99833;99835;99836;99840;99841;99901;99903;99918;99919;99921;99922;99923;99925;99926;99927;99929;